// Jest Snapshot v1, https://goo.gl/fbAQLP

exports[`create test create should match snapshot 1`] = `<create />`;
