// Jest Snapshot v1, https://goo.gl/fbAQLP

exports[`dashboard test dashboard should match snapshot 1`] = `<dashboard />`;
