// Jest Snapshot v1, https://goo.gl/fbAQLP

exports[`home test home should match snapshot 1`] = `<home />`;
