// Jest Snapshot v1, https://goo.gl/fbAQLP

exports[`notfound test notfound should match snapshot 1`] = `<notfound />`;
