// Jest Snapshot v1, https://goo.gl/fbAQLP

exports[`footer test footer should match snapshot 1`] = `<footer />`;
