// Jest Snapshot v1, https://goo.gl/fbAQLP

exports[`modal test modal should match snapshot 1`] = `<modal />`;
