// Jest Snapshot v1, https://goo.gl/fbAQLP

exports[`reservation-item test reservation-item should match snapshot 1`] = `
<div
  className="reservation-item"
>
  <p
    className="title"
  />
  <p
    className="status red"
  />
  <button
    className="btn btn-danger"
    disabled={false}
    onClick={[Function]}
    type="button"
  >
    Delete
  </button>
</div>
`;
